Archive member included because of file (symbol)

c:/winavr-20100110/bin/../lib/gcc/avr/4.3.3/avr5\libgcc.a(_mulsi3.o)
                              ./timers.o (__mulsi3)
c:/winavr-20100110/bin/../lib/gcc/avr/4.3.3/avr5\libgcc.a(_udivmodqi4.o)
                              ./Applications.o (__udivmodqi4)
c:/winavr-20100110/bin/../lib/gcc/avr/4.3.3/avr5\libgcc.a(_udivmodhi4.o)
                              ./HwPWM.o (__udivmodhi4)
c:/winavr-20100110/bin/../lib/gcc/avr/4.3.3/avr5\libgcc.a(_udivmodsi4.o)
                              ./Applications.o (__udivmodsi4)
c:/winavr-20100110/bin/../lib/gcc/avr/4.3.3/avr5\libgcc.a(_exit.o)
                              c:/winavr-20100110/bin/../lib/gcc/avr/4.3.3/../../../../avr/lib/avr5/crtm32.o (exit)
c:/winavr-20100110/bin/../lib/gcc/avr/4.3.3/avr5\libgcc.a(_copy_data.o)
                              ./Applications.o (__do_copy_data)
c:/winavr-20100110/bin/../lib/gcc/avr/4.3.3/avr5\libgcc.a(_clear_bss.o)
                              ./Applications.o (__do_clear_bss)

Memory Configuration

Name             Origin             Length             Attributes
text             0x00000000         0x00020000         xr
data             0x00800060         0x0000ffa0         rw !x
eeprom           0x00810000         0x00010000         rw !x
fuse             0x00820000         0x00000400         rw !x
lock             0x00830000         0x00000400         rw !x
signature        0x00840000         0x00000400         rw !x
*default*        0x00000000         0xffffffff

Linker script and memory map

LOAD c:/winavr-20100110/bin/../lib/gcc/avr/4.3.3/../../../../avr/lib/avr5/crtm32.o
LOAD ./Applications.o
LOAD ./HwPWM.o
LOAD ./SPI.o
LOAD ./SwICU.o
LOAD ./UART.o
LOAD ./dcMotor.o
LOAD ./gpio.o
LOAD ./led.o
LOAD ./pushButton.o
LOAD ./sevenSeg.o
LOAD ./softwareDelay.o
LOAD ./timers.o
LOAD c:/winavr-20100110/bin/../lib/gcc/avr/4.3.3/avr5\libgcc.a
LOAD c:/winavr-20100110/bin/../lib/gcc/avr/4.3.3/../../../../avr/lib/avr5\libc.a
LOAD c:/winavr-20100110/bin/../lib/gcc/avr/4.3.3/avr5\libgcc.a

.hash
 *(.hash)

.dynsym
 *(.dynsym)

.dynstr
 *(.dynstr)

.gnu.version
 *(.gnu.version)

.gnu.version_d
 *(.gnu.version_d)

.gnu.version_r
 *(.gnu.version_r)

.rel.init
 *(.rel.init)

.rela.init
 *(.rela.init)

.rel.text
 *(.rel.text)
 *(.rel.text.*)
 *(.rel.gnu.linkonce.t*)

.rela.text
 *(.rela.text)
 *(.rela.text.*)
 *(.rela.gnu.linkonce.t*)

.rel.fini
 *(.rel.fini)

.rela.fini
 *(.rela.fini)

.rel.rodata
 *(.rel.rodata)
 *(.rel.rodata.*)
 *(.rel.gnu.linkonce.r*)

.rela.rodata
 *(.rela.rodata)
 *(.rela.rodata.*)
 *(.rela.gnu.linkonce.r*)

.rel.data
 *(.rel.data)
 *(.rel.data.*)
 *(.rel.gnu.linkonce.d*)

.rela.data
 *(.rela.data)
 *(.rela.data.*)
 *(.rela.gnu.linkonce.d*)

.rel.ctors
 *(.rel.ctors)

.rela.ctors
 *(.rela.ctors)

.rel.dtors
 *(.rel.dtors)

.rela.dtors
 *(.rela.dtors)

.rel.got
 *(.rel.got)

.rela.got
 *(.rela.got)

.rel.bss
 *(.rel.bss)

.rela.bss
 *(.rela.bss)

.rel.plt
 *(.rel.plt)

.rela.plt
 *(.rela.plt)

.text           0x00000000     0x27b8
 *(.vectors)
 .vectors       0x00000000       0x54 c:/winavr-20100110/bin/../lib/gcc/avr/4.3.3/../../../../avr/lib/avr5/crtm32.o
                0x00000000                __vectors
                0x00000000                __vector_default
 *(.vectors)
 *(.progmem.gcc*)
 *(.progmem*)
                0x00000054                . = ALIGN (0x2)
                0x00000054                __trampolines_start = .
 *(.trampolines)
 .trampolines   0x00000054        0x0 linker stubs
 *(.trampolines*)
                0x00000054                __trampolines_end = .
 *(.jumptables)
 *(.jumptables*)
 *(.lowtext)
 *(.lowtext*)
                0x00000054                __ctors_start = .
 *(.ctors)
                0x00000054                __ctors_end = .
                0x00000054                __dtors_start = .
 *(.dtors)
                0x00000054                __dtors_end = .
 SORT(*)(.ctors)
 SORT(*)(.dtors)
 *(.init0)
 .init0         0x00000054        0x0 c:/winavr-20100110/bin/../lib/gcc/avr/4.3.3/../../../../avr/lib/avr5/crtm32.o
                0x00000054                __init
 *(.init0)
 *(.init1)
 *(.init1)
 *(.init2)
 .init2         0x00000054        0xc c:/winavr-20100110/bin/../lib/gcc/avr/4.3.3/../../../../avr/lib/avr5/crtm32.o
 *(.init2)
 *(.init3)
 *(.init3)
 *(.init4)
 .init4         0x00000060       0x16 c:/winavr-20100110/bin/../lib/gcc/avr/4.3.3/avr5\libgcc.a(_copy_data.o)
                0x00000060                __do_copy_data
 .init4         0x00000076       0x10 c:/winavr-20100110/bin/../lib/gcc/avr/4.3.3/avr5\libgcc.a(_clear_bss.o)
                0x00000076                __do_clear_bss
 *(.init4)
 *(.init5)
 *(.init5)
 *(.init6)
 *(.init6)
 *(.init7)
 *(.init7)
 *(.init8)
 *(.init8)
 *(.init9)
 .init9         0x00000086        0x8 c:/winavr-20100110/bin/../lib/gcc/avr/4.3.3/../../../../avr/lib/avr5/crtm32.o
 *(.init9)
 *(.text)
 .text          0x0000008e        0x4 c:/winavr-20100110/bin/../lib/gcc/avr/4.3.3/../../../../avr/lib/avr5/crtm32.o
                0x0000008e                __vector_1
                0x0000008e                __bad_interrupt
                0x0000008e                __vector_17
                0x0000008e                __vector_19
                0x0000008e                __vector_2
                0x0000008e                __vector_16
                0x0000008e                __vector_18
                0x0000008e                __vector_20
 .text          0x00000092        0x0 ./Applications.o
 .text          0x00000092        0x0 ./HwPWM.o
 .text          0x00000092        0x0 ./SPI.o
 .text          0x00000092        0x0 ./SwICU.o
 .text          0x00000092        0x0 ./UART.o
 .text          0x00000092        0x0 ./dcMotor.o
 .text          0x00000092        0x0 ./gpio.o
 .text          0x00000092        0x0 ./led.o
 .text          0x00000092        0x0 ./pushButton.o
 .text          0x00000092        0x0 ./sevenSeg.o
 .text          0x00000092        0x0 ./softwareDelay.o
 .text          0x00000092        0x0 ./timers.o
 .text          0x00000092        0x0 c:/winavr-20100110/bin/../lib/gcc/avr/4.3.3/avr5\libgcc.a(_mulsi3.o)
 .text          0x00000092        0x0 c:/winavr-20100110/bin/../lib/gcc/avr/4.3.3/avr5\libgcc.a(_udivmodqi4.o)
 .text          0x00000092        0x0 c:/winavr-20100110/bin/../lib/gcc/avr/4.3.3/avr5\libgcc.a(_udivmodhi4.o)
 .text          0x00000092        0x0 c:/winavr-20100110/bin/../lib/gcc/avr/4.3.3/avr5\libgcc.a(_udivmodsi4.o)
 .text          0x00000092        0x0 c:/winavr-20100110/bin/../lib/gcc/avr/4.3.3/avr5\libgcc.a(_exit.o)
 .text          0x00000092        0x0 c:/winavr-20100110/bin/../lib/gcc/avr/4.3.3/avr5\libgcc.a(_copy_data.o)
 .text          0x00000092        0x0 c:/winavr-20100110/bin/../lib/gcc/avr/4.3.3/avr5\libgcc.a(_clear_bss.o)
                0x00000092                . = ALIGN (0x2)
 *(.text.*)
 .text.main     0x00000092       0x94 ./Applications.o
                0x00000092                main
 .text.app_tx   0x00000126        0xe ./Applications.o
                0x00000126                app_tx
 .text.app_rx   0x00000134       0x14 ./Applications.o
                0x00000134                app_rx
 .text.app_spi  0x00000148        0xe ./Applications.o
                0x00000148                app_spi
 .text.GPIO_REQ7
                0x00000156       0xd4 ./Applications.o
                0x00000156                GPIO_REQ7
 .text.GPIO_REQ8
                0x0000022a       0x94 ./Applications.o
                0x0000022a                GPIO_REQ8
 .text.GPIO_REQ9
                0x000002be       0x98 ./Applications.o
                0x000002be                GPIO_REQ9
 .text.HwPWMInit
                0x00000356       0xc8 ./HwPWM.o
                0x00000356                HwPWMInit
 .text.HwPWMSetDuty
                0x0000041e      0x156 ./HwPWM.o
                0x0000041e                HwPWMSetDuty
 .text.__vector_12
                0x00000574       0x66 ./SPI.o
                0x00000574                __vector_12
 .text.SPI_init
                0x000005da       0xce ./SPI.o
                0x000005da                SPI_init
 .text.SPI_setCallBack
                0x000006a8       0x24 ./SPI.o
                0x000006a8                SPI_setCallBack
 .text.SPI_sendByte
                0x000006cc       0x30 ./SPI.o
                0x000006cc                SPI_sendByte
 .text.SPI_receiveByte
                0x000006fc       0x28 ./SPI.o
                0x000006fc                SPI_receiveByte
 .text.__vector_3
                0x00000724       0x98 ./SwICU.o
                0x00000724                __vector_3
 .text.SwICU_Init
                0x000007bc       0x64 ./SwICU.o
                0x000007bc                SwICU_Init
 .text.SwICU_GetCfgEdge
                0x00000820       0x10 ./SwICU.o
                0x00000820                SwICU_GetCfgEdge
 .text.SwICU_SetCfgEdge
                0x00000830       0x28 ./SwICU.o
                0x00000830                SwICU_SetCfgEdge
 .text.SwICU_Read
                0x00000858       0x22 ./SwICU.o
                0x00000858                SwICU_Read
 .text.SwICU_Stop
                0x0000087a       0x12 ./SwICU.o
                0x0000087a                SwICU_Stop
 .text.SwICU_Start
                0x0000088c       0x12 ./SwICU.o
                0x0000088c                SwICU_Start
 .text.SwICU_Enable
                0x0000089e        0xe ./SwICU.o
                0x0000089e                SwICU_Enable
 .text.SwICU_Disable
                0x000008ac        0xe ./SwICU.o
                0x000008ac                SwICU_Disable
 .text.__vector_13
                0x000008ba       0x66 ./UART.o
                0x000008ba                __vector_13
 .text.__vector_14
                0x00000920       0x66 ./UART.o
                0x00000920                __vector_14
 .text.__vector_15
                0x00000986       0x66 ./UART.o
                0x00000986                __vector_15
 .text.UART_TXC_setCallBack
                0x000009ec       0x24 ./UART.o
                0x000009ec                UART_TXC_setCallBack
 .text.UART_RXC_setCallBack
                0x00000a10       0x24 ./UART.o
                0x00000a10                UART_RXC_setCallBack
 .text.UART_UDRE_setCallBack
                0x00000a34       0x24 ./UART.o
                0x00000a34                UART_UDRE_setCallBack
 .text.UART_init
                0x00000a58      0x188 ./UART.o
                0x00000a58                UART_init
 .text.UART_transmit
                0x00000be0       0x40 ./UART.o
                0x00000be0                UART_transmit
 .text.UART_receive
                0x00000c20       0x28 ./UART.o
                0x00000c20                UART_receive
 .text.MotorDC_Init
                0x00000c48       0x8a ./dcMotor.o
                0x00000c48                MotorDC_Init
 .text.MotorDC_Dir
                0x00000cd2      0x102 ./dcMotor.o
                0x00000cd2                MotorDC_Dir
 .text.MotorDC_Speed_PollingWithT0
                0x00000dd4       0x1c ./dcMotor.o
                0x00000dd4                MotorDC_Speed_PollingWithT0
 .text.MotorDC_Speed_HwPWM
                0x00000df0       0x14 ./dcMotor.o
                0x00000df0                MotorDC_Speed_HwPWM
 .text.gpioPortDirection
                0x00000e04       0x82 ./gpio.o
                0x00000e04                gpioPortDirection
 .text.gpioPortWrite
                0x00000e86       0x82 ./gpio.o
                0x00000e86                gpioPortWrite
 .text.gpioPortToggle
                0x00000f08       0x96 ./gpio.o
                0x00000f08                gpioPortToggle
 .text.gpioPortRead
                0x00000f9e       0x88 ./gpio.o
                0x00000f9e                gpioPortRead
 .text.gpioPinDirection
                0x00001026       0xd8 ./gpio.o
                0x00001026                gpioPinDirection
 .text.gpioPinWrite
                0x000010fe       0xd8 ./gpio.o
                0x000010fe                gpioPinWrite
 .text.gpioPinToggle
                0x000011d6       0xa2 ./gpio.o
                0x000011d6                gpioPinToggle
 .text.gpioPinRead
                0x00001278       0xde ./gpio.o
                0x00001278                gpioPinRead
 .text.Led_Init
                0x00001356       0x86 ./led.o
                0x00001356                Led_Init
 .text.Led_On   0x000013dc       0x86 ./led.o
                0x000013dc                Led_On
 .text.Led_Off  0x00001462       0x86 ./led.o
                0x00001462                Led_Off
 .text.Led_Toggle
                0x000014e8       0x7e ./led.o
                0x000014e8                Led_Toggle
 .text.pushButtonInit
                0x00001566       0x4e ./pushButton.o
                0x00001566                pushButtonInit
 .text.pushButtonUpdate
                0x000015b4        0xe ./pushButton.o
                0x000015b4                pushButtonUpdate
 .text.pushButtonGetStatus
                0x000015c2       0xd0 ./pushButton.o
                0x000015c2                pushButtonGetStatus
 .text.sevenSegInit
                0x00001692       0x96 ./sevenSeg.o
                0x00001692                sevenSegInit
 .text.sevenSegEnable
                0x00001728       0x5a ./sevenSeg.o
                0x00001728                sevenSegEnable
 .text.sevenSegDisable
                0x00001782       0x56 ./sevenSeg.o
                0x00001782                sevenSegDisable
 .text.sevenSegWrite
                0x000017d8       0x6a ./sevenSeg.o
                0x000017d8                sevenSegWrite
 .text.softwareDelayMs
                0x00001842       0xb2 ./softwareDelay.o
                0x00001842                softwareDelayMs
 .text.__vector_10
                0x000018f4       0x66 ./timers.o
                0x000018f4                __vector_10
 .text.__vector_11
                0x0000195a       0x66 ./timers.o
                0x0000195a                __vector_11
 .text.__vector_6
                0x000019c0       0x66 ./timers.o
                0x000019c0                __vector_6
 .text.__vector_7
                0x00001a26       0x66 ./timers.o
                0x00001a26                __vector_7
 .text.__vector_8
                0x00001a8c       0x66 ./timers.o
                0x00001a8c                __vector_8
 .text.__vector_9
                0x00001af2       0x66 ./timers.o
                0x00001af2                __vector_9
 .text.__vector_4
                0x00001b58       0x66 ./timers.o
                0x00001b58                __vector_4
 .text.__vector_5
                0x00001bbe       0x66 ./timers.o
                0x00001bbe                __vector_5
 .text.timer0Init
                0x00001c24       0x94 ./timers.o
                0x00001c24                timer0Init
 .text.timer0Set
                0x00001cb8       0x1c ./timers.o
                0x00001cb8                timer0Set
 .text.timer0Read
                0x00001cd4       0x14 ./timers.o
                0x00001cd4                timer0Read
 .text.timer0Start
                0x00001ce8       0x2a ./timers.o
                0x00001ce8                timer0Start
 .text.timer0Stop
                0x00001d12       0x1c ./timers.o
                0x00001d12                timer0Stop
 .text.timer0DelayMs
                0x00001d2e       0x76 ./timers.o
                0x00001d2e                timer0DelayMs
 .text.timer0DelayUs
                0x00001da4       0xb6 ./timers.o
                0x00001da4                timer0DelayUs
 .text.timer0SwPWM
                0x00001e5a       0xb8 ./timers.o
                0x00001e5a                timer0SwPWM
 .text.Timer0_OVF_setCallBack
                0x00001f12       0x24 ./timers.o
                0x00001f12                Timer0_OVF_setCallBack
 .text.Timer0_CTC_setCallBack
                0x00001f36       0x24 ./timers.o
                0x00001f36                Timer0_CTC_setCallBack
 .text.timer1Init
                0x00001f5a       0xd4 ./timers.o
                0x00001f5a                timer1Init
 .text.timer1Set
                0x0000202e       0x24 ./timers.o
                0x0000202e                timer1Set
 .text.timer1Read
                0x00002052       0x16 ./timers.o
                0x00002052                timer1Read
 .text.timer1Start
                0x00002068       0x2c ./timers.o
                0x00002068                timer1Start
 .text.timer1Stop
                0x00002094       0x1c ./timers.o
                0x00002094                timer1Stop
 .text.timer1DelayMs
                0x000020b0       0xa6 ./timers.o
                0x000020b0                timer1DelayMs
 .text.timer1DelayUs
                0x00002156       0xe0 ./timers.o
                0x00002156                timer1DelayUs
 .text.timer1SwPWM
                0x00002236       0xde ./timers.o
                0x00002236                timer1SwPWM
 .text.Timer1_OVF_setCallBack
                0x00002314       0x24 ./timers.o
                0x00002314                Timer1_OVF_setCallBack
 .text.Timer1_CTC_A_setCallBack
                0x00002338       0x24 ./timers.o
                0x00002338                Timer1_CTC_A_setCallBack
 .text.Timer1_CTC_B_setCallBack
                0x0000235c       0x24 ./timers.o
                0x0000235c                Timer1_CTC_B_setCallBack
 .text.Timer1_ICU_setCallBack
                0x00002380       0x24 ./timers.o
                0x00002380                Timer1_ICU_setCallBack
 .text.timer2Init
                0x000023a4       0xa0 ./timers.o
                0x000023a4                timer2Init
 .text.timer2Set
                0x00002444       0x1c ./timers.o
                0x00002444                timer2Set
 .text.timer2Read
                0x00002460       0x14 ./timers.o
                0x00002460                timer2Read
 .text.timer2Start
                0x00002474       0x2a ./timers.o
                0x00002474                timer2Start
 .text.timer2Stop
                0x0000249e       0x1c ./timers.o
                0x0000249e                timer2Stop
 .text.timer2DelayMs
                0x000024ba       0x7c ./timers.o
                0x000024ba                timer2DelayMs
 .text.timer2DelayUs
                0x00002536       0xb4 ./timers.o
                0x00002536                timer2DelayUs
 .text.timer2SwPWM
                0x000025ea       0xc0 ./timers.o
                0x000025ea                timer2SwPWM
 .text.Timer2_OVF_setCallBack
                0x000026aa       0x24 ./timers.o
                0x000026aa                Timer2_OVF_setCallBack
 .text.Timer2_CTC_setCallBack
                0x000026ce       0x24 ./timers.o
                0x000026ce                Timer2_CTC_setCallBack
 .text.libgcc   0x000026f2       0x3e c:/winavr-20100110/bin/../lib/gcc/avr/4.3.3/avr5\libgcc.a(_mulsi3.o)
                0x000026f2                __mulsi3
 .text.libgcc   0x00002730       0x18 c:/winavr-20100110/bin/../lib/gcc/avr/4.3.3/avr5\libgcc.a(_udivmodqi4.o)
                0x00002730                __udivmodqi4
 .text.libgcc   0x00002748       0x28 c:/winavr-20100110/bin/../lib/gcc/avr/4.3.3/avr5\libgcc.a(_udivmodhi4.o)
                0x00002748                __udivmodhi4
 .text.libgcc   0x00002770       0x44 c:/winavr-20100110/bin/../lib/gcc/avr/4.3.3/avr5\libgcc.a(_udivmodsi4.o)
                0x00002770                __udivmodsi4
 .text.libgcc   0x000027b4        0x0 c:/winavr-20100110/bin/../lib/gcc/avr/4.3.3/avr5\libgcc.a(_exit.o)
 .text.libgcc   0x000027b4        0x0 c:/winavr-20100110/bin/../lib/gcc/avr/4.3.3/avr5\libgcc.a(_copy_data.o)
 .text.libgcc   0x000027b4        0x0 c:/winavr-20100110/bin/../lib/gcc/avr/4.3.3/avr5\libgcc.a(_clear_bss.o)
                0x000027b4                . = ALIGN (0x2)
 *(.fini9)
 .fini9         0x000027b4        0x0 c:/winavr-20100110/bin/../lib/gcc/avr/4.3.3/avr5\libgcc.a(_exit.o)
                0x000027b4                exit
                0x000027b4                _exit
 *(.fini9)
 *(.fini8)
 *(.fini8)
 *(.fini7)
 *(.fini7)
 *(.fini6)
 *(.fini6)
 *(.fini5)
 *(.fini5)
 *(.fini4)
 *(.fini4)
 *(.fini3)
 *(.fini3)
 *(.fini2)
 *(.fini2)
 *(.fini1)
 *(.fini1)
 *(.fini0)
 .fini0         0x000027b4        0x4 c:/winavr-20100110/bin/../lib/gcc/avr/4.3.3/avr5\libgcc.a(_exit.o)
 *(.fini0)
                0x000027b8                _etext = .

.data           0x00800060        0x4 load address 0x000027b8
                0x00800060                PROVIDE (__data_start, .)
 *(.data)
 .data          0x00800060        0x0 c:/winavr-20100110/bin/../lib/gcc/avr/4.3.3/../../../../avr/lib/avr5/crtm32.o
 .data          0x00800060        0x0 ./Applications.o
 .data          0x00800060        0x0 ./HwPWM.o
 .data          0x00800060        0x0 ./SPI.o
 .data          0x00800060        0x0 ./SwICU.o
 .data          0x00800060        0x0 ./UART.o
 .data          0x00800060        0x0 ./dcMotor.o
 .data          0x00800060        0x0 ./gpio.o
 .data          0x00800060        0x0 ./led.o
 .data          0x00800060        0x0 ./pushButton.o
 .data          0x00800060        0x0 ./sevenSeg.o
 .data          0x00800060        0x0 ./softwareDelay.o
 .data          0x00800060        0x0 ./timers.o
 .data          0x00800060        0x0 c:/winavr-20100110/bin/../lib/gcc/avr/4.3.3/avr5\libgcc.a(_mulsi3.o)
 .data          0x00800060        0x0 c:/winavr-20100110/bin/../lib/gcc/avr/4.3.3/avr5\libgcc.a(_udivmodqi4.o)
 .data          0x00800060        0x0 c:/winavr-20100110/bin/../lib/gcc/avr/4.3.3/avr5\libgcc.a(_udivmodhi4.o)
 .data          0x00800060        0x0 c:/winavr-20100110/bin/../lib/gcc/avr/4.3.3/avr5\libgcc.a(_udivmodsi4.o)
 .data          0x00800060        0x0 c:/winavr-20100110/bin/../lib/gcc/avr/4.3.3/avr5\libgcc.a(_exit.o)
 .data          0x00800060        0x0 c:/winavr-20100110/bin/../lib/gcc/avr/4.3.3/avr5\libgcc.a(_copy_data.o)
 .data          0x00800060        0x0 c:/winavr-20100110/bin/../lib/gcc/avr/4.3.3/avr5\libgcc.a(_clear_bss.o)
 *(.data*)
 .data.gu8_sevenSeg1Status
                0x00800060        0x1 ./sevenSeg.o
 *(.rodata)
 *(.rodata*)
 .rodata.C.0.1621
                0x00800061        0x3 ./Applications.o
 *(.gnu.linkonce.d*)
                0x00800064                . = ALIGN (0x2)
                0x00800064                _edata = .
                0x00800064                PROVIDE (__data_end, .)

.bss            0x00800064       0x1e
                0x00800064                PROVIDE (__bss_start, .)
 *(.bss)
 .bss           0x00800064        0x0 c:/winavr-20100110/bin/../lib/gcc/avr/4.3.3/../../../../avr/lib/avr5/crtm32.o
 .bss           0x00800064        0x0 ./Applications.o
 .bss           0x00800064        0x0 ./HwPWM.o
 .bss           0x00800064        0x0 ./SPI.o
 .bss           0x00800064        0x0 ./SwICU.o
 .bss           0x00800064        0x0 ./UART.o
 .bss           0x00800064        0x0 ./dcMotor.o
 .bss           0x00800064        0x0 ./gpio.o
 .bss           0x00800064        0x0 ./led.o
 .bss           0x00800064        0x0 ./pushButton.o
 .bss           0x00800064        0x0 ./sevenSeg.o
 .bss           0x00800064        0x0 ./softwareDelay.o
 .bss           0x00800064        0x0 ./timers.o
 .bss           0x00800064        0x0 c:/winavr-20100110/bin/../lib/gcc/avr/4.3.3/avr5\libgcc.a(_mulsi3.o)
 .bss           0x00800064        0x0 c:/winavr-20100110/bin/../lib/gcc/avr/4.3.3/avr5\libgcc.a(_udivmodqi4.o)
 .bss           0x00800064        0x0 c:/winavr-20100110/bin/../lib/gcc/avr/4.3.3/avr5\libgcc.a(_udivmodhi4.o)
 .bss           0x00800064        0x0 c:/winavr-20100110/bin/../lib/gcc/avr/4.3.3/avr5\libgcc.a(_udivmodsi4.o)
 .bss           0x00800064        0x0 c:/winavr-20100110/bin/../lib/gcc/avr/4.3.3/avr5\libgcc.a(_exit.o)
 .bss           0x00800064        0x0 c:/winavr-20100110/bin/../lib/gcc/avr/4.3.3/avr5\libgcc.a(_copy_data.o)
 .bss           0x00800064        0x0 c:/winavr-20100110/bin/../lib/gcc/avr/4.3.3/avr5\libgcc.a(_clear_bss.o)
 *(.bss*)
 .bss.flag      0x00800064        0x1 ./Applications.o
                0x00800064                flag
 .bss.g_SPI_callBackPtr
                0x00800065        0x2 ./SPI.o
 .bss.gu8_swIcuRead
                0x00800067        0x1 ./SwICU.o
                0x00800067                gu8_swIcuRead
 .bss.gu8_swIcuFlag
                0x00800068        0x1 ./SwICU.o
                0x00800068                gu8_swIcuFlag
 .bss.g_TXC_callBackPtr
                0x00800069        0x2 ./UART.o
 .bss.g_RXC_callBackPtr
                0x0080006b        0x2 ./UART.o
 .bss.g_UDRE_callBackPtr
                0x0080006d        0x2 ./UART.o
 .bss.gu8_sevenSeg0Status
                0x0080006f        0x1 ./sevenSeg.o
 .bss.gu8_timer0Timer1PreScaler
                0x00800070        0x1 ./timers.o
 .bss.gu8_timer2PreScaler
                0x00800071        0x1 ./timers.o
 .bss.g_T0_CTC_callBackPtr
                0x00800072        0x2 ./timers.o
 .bss.g_T0_OVF_callBackPtr
                0x00800074        0x2 ./timers.o
 .bss.g_T1_ICU_callBackPtr
                0x00800076        0x2 ./timers.o
 .bss.g_T1_CTC_A_callBackPtr
                0x00800078        0x2 ./timers.o
 .bss.g_T1_CTC_B_callBackPtr
                0x0080007a        0x2 ./timers.o
 .bss.g_T1_OVF_callBackPtr
                0x0080007c        0x2 ./timers.o
 .bss.g_T2_CTC_callBackPtr
                0x0080007e        0x2 ./timers.o
 .bss.g_T2_OVF_callBackPtr
                0x00800080        0x2 ./timers.o
 *(COMMON)
                0x00800082                PROVIDE (__bss_end, .)
                0x000027b8                __data_load_start = LOADADDR (.data)
                0x000027bc                __data_load_end = (__data_load_start + SIZEOF (.data))

.noinit         0x00800082        0x0
                0x00800082                PROVIDE (__noinit_start, .)
 *(.noinit*)
                0x00800082                PROVIDE (__noinit_end, .)
                0x00800082                _end = .
                0x00800082                PROVIDE (__heap_start, .)

.eeprom         0x00810000        0x0
 *(.eeprom*)
                0x00810000                __eeprom_end = .

.fuse
 *(.fuse)
 *(.lfuse)
 *(.hfuse)
 *(.efuse)

.lock
 *(.lock*)

.signature
 *(.signature*)

.stab           0x00000000     0x3e58
 *(.stab)
 .stab          0x00000000      0xb70 ./Applications.o
 .stab          0x00000b70      0x288 ./HwPWM.o
                                0x474 (size before relaxing)
 .stab          0x00000df8      0x3a8 ./SPI.o
                                0x5c4 (size before relaxing)
 .stab          0x000011a0      0x3b4 ./SwICU.o
                                0x744 (size before relaxing)
 .stab          0x00001554      0x498 ./UART.o
                                0x768 (size before relaxing)
 .stab          0x000019ec      0x384 ./dcMotor.o
                                0x5ac (size before relaxing)
 .stab          0x00001d70      0x570 ./gpio.o
                                0x624 (size before relaxing)
 .stab          0x000022e0      0x2ac ./led.o
                                0x384 (size before relaxing)
 .stab          0x0000258c      0x294 ./pushButton.o
                                0x384 (size before relaxing)
 .stab          0x00002820      0x318 ./sevenSeg.o
                                0x3f0 (size before relaxing)
 .stab          0x00002b38      0x18c ./softwareDelay.o
                                0x228 (size before relaxing)
 .stab          0x00002cc4     0x1194 ./timers.o
                               0x150c (size before relaxing)

.stabstr        0x00000000     0x273e
 *(.stabstr)
 .stabstr       0x00000000     0x273e ./Applications.o

.stab.excl
 *(.stab.excl)

.stab.exclstr
 *(.stab.exclstr)

.stab.index
 *(.stab.index)

.stab.indexstr
 *(.stab.indexstr)

.comment
 *(.comment)

.debug
 *(.debug)

.line
 *(.line)

.debug_srcinfo
 *(.debug_srcinfo)

.debug_sfnames
 *(.debug_sfnames)

.debug_aranges
 *(.debug_aranges)

.debug_pubnames
 *(.debug_pubnames)

.debug_info
 *(.debug_info)
 *(.gnu.linkonce.wi.*)

.debug_abbrev
 *(.debug_abbrev)

.debug_line
 *(.debug_line)

.debug_frame
 *(.debug_frame)

.debug_str
 *(.debug_str)

.debug_loc
 *(.debug_loc)

.debug_macinfo
 *(.debug_macinfo)
OUTPUT(GPIO_Challenge.elf elf32-avr)
LOAD linker stubs
