Archive member included because of file (symbol)

c:/winavr-20100110/bin/../lib/gcc/avr/4.3.3/avr5\libgcc.a(_mulsi3.o)
                              ./timers.o (__mulsi3)
c:/winavr-20100110/bin/../lib/gcc/avr/4.3.3/avr5\libgcc.a(_udivmodqi4.o)
                              ./Applications.o (__udivmodqi4)
c:/winavr-20100110/bin/../lib/gcc/avr/4.3.3/avr5\libgcc.a(_udivmodhi4.o)
                              ./HwPWM.o (__udivmodhi4)
c:/winavr-20100110/bin/../lib/gcc/avr/4.3.3/avr5\libgcc.a(_udivmodsi4.o)
                              ./Applications.o (__udivmodsi4)
c:/winavr-20100110/bin/../lib/gcc/avr/4.3.3/avr5\libgcc.a(_divmodsi4.o)
                              ./LCD.o (__divmodsi4)
c:/winavr-20100110/bin/../lib/gcc/avr/4.3.3/avr5\libgcc.a(_exit.o)
                              c:/winavr-20100110/bin/../lib/gcc/avr/4.3.3/../../../../avr/lib/avr5/crtm32.o (exit)
c:/winavr-20100110/bin/../lib/gcc/avr/4.3.3/avr5\libgcc.a(_copy_data.o)
                              ./Applications.o (__do_copy_data)
c:/winavr-20100110/bin/../lib/gcc/avr/4.3.3/avr5\libgcc.a(_clear_bss.o)
                              ./Applications.o (__do_clear_bss)
c:/winavr-20100110/bin/../lib/gcc/avr/4.3.3/avr5\libgcc.a(_fixunssfsi.o)
                              ./LCD.o (__fixunssfsi)
c:/winavr-20100110/bin/../lib/gcc/avr/4.3.3/avr5\libgcc.a(_addsub_sf.o)
                              c:/winavr-20100110/bin/../lib/gcc/avr/4.3.3/avr5\libgcc.a(_fixunssfsi.o) (__subsf3)
c:/winavr-20100110/bin/../lib/gcc/avr/4.3.3/avr5\libgcc.a(_mul_sf.o)
                              ./LCD.o (__mulsf3)
c:/winavr-20100110/bin/../lib/gcc/avr/4.3.3/avr5\libgcc.a(_gt_sf.o)
                              ./LCD.o (__gtsf2)
c:/winavr-20100110/bin/../lib/gcc/avr/4.3.3/avr5\libgcc.a(_ge_sf.o)
                              c:/winavr-20100110/bin/../lib/gcc/avr/4.3.3/avr5\libgcc.a(_fixunssfsi.o) (__gesf2)
c:/winavr-20100110/bin/../lib/gcc/avr/4.3.3/avr5\libgcc.a(_lt_sf.o)
                              ./LCD.o (__ltsf2)
c:/winavr-20100110/bin/../lib/gcc/avr/4.3.3/avr5\libgcc.a(_sf_to_si.o)
                              c:/winavr-20100110/bin/../lib/gcc/avr/4.3.3/avr5\libgcc.a(_fixunssfsi.o) (__fixsfsi)
c:/winavr-20100110/bin/../lib/gcc/avr/4.3.3/avr5\libgcc.a(_thenan_sf.o)
                              c:/winavr-20100110/bin/../lib/gcc/avr/4.3.3/avr5\libgcc.a(_addsub_sf.o) (__thenan_sf)
c:/winavr-20100110/bin/../lib/gcc/avr/4.3.3/avr5\libgcc.a(_prologue.o)
                              c:/winavr-20100110/bin/../lib/gcc/avr/4.3.3/avr5\libgcc.a(_addsub_sf.o) (__prologue_saves__)
c:/winavr-20100110/bin/../lib/gcc/avr/4.3.3/avr5\libgcc.a(_epilogue.o)
                              c:/winavr-20100110/bin/../lib/gcc/avr/4.3.3/avr5\libgcc.a(_addsub_sf.o) (__epilogue_restores__)
c:/winavr-20100110/bin/../lib/gcc/avr/4.3.3/avr5\libgcc.a(_pack_sf.o)
                              c:/winavr-20100110/bin/../lib/gcc/avr/4.3.3/avr5\libgcc.a(_addsub_sf.o) (__pack_f)
c:/winavr-20100110/bin/../lib/gcc/avr/4.3.3/avr5\libgcc.a(_unpack_sf.o)
                              c:/winavr-20100110/bin/../lib/gcc/avr/4.3.3/avr5\libgcc.a(_addsub_sf.o) (__unpack_f)
c:/winavr-20100110/bin/../lib/gcc/avr/4.3.3/avr5\libgcc.a(_fpcmp_parts_sf.o)
                              c:/winavr-20100110/bin/../lib/gcc/avr/4.3.3/avr5\libgcc.a(_gt_sf.o) (__fpcmp_parts_f)

Memory Configuration

Name             Origin             Length             Attributes
text             0x00000000         0x00020000         xr
data             0x00800060         0x0000ffa0         rw !x
eeprom           0x00810000         0x00010000         rw !x
fuse             0x00820000         0x00000400         rw !x
lock             0x00830000         0x00000400         rw !x
signature        0x00840000         0x00000400         rw !x
*default*        0x00000000         0xffffffff

Linker script and memory map

LOAD c:/winavr-20100110/bin/../lib/gcc/avr/4.3.3/../../../../avr/lib/avr5/crtm32.o
LOAD ./Applications.o
LOAD ./HwPWM.o
LOAD ./LCD.o
LOAD ./SPI.o
LOAD ./SwICU.o
LOAD ./UART.o
LOAD ./dcMotor.o
LOAD ./gpio.o
LOAD ./led.o
LOAD ./pushButton.o
LOAD ./sevenSeg.o
LOAD ./softwareDelay.o
LOAD ./timers.o
LOAD c:/winavr-20100110/bin/../lib/gcc/avr/4.3.3/avr5\libgcc.a
LOAD c:/winavr-20100110/bin/../lib/gcc/avr/4.3.3/../../../../avr/lib/avr5\libc.a
LOAD c:/winavr-20100110/bin/../lib/gcc/avr/4.3.3/avr5\libgcc.a

.hash
 *(.hash)

.dynsym
 *(.dynsym)

.dynstr
 *(.dynstr)

.gnu.version
 *(.gnu.version)

.gnu.version_d
 *(.gnu.version_d)

.gnu.version_r
 *(.gnu.version_r)

.rel.init
 *(.rel.init)

.rela.init
 *(.rela.init)

.rel.text
 *(.rel.text)
 *(.rel.text.*)
 *(.rel.gnu.linkonce.t*)

.rela.text
 *(.rela.text)
 *(.rela.text.*)
 *(.rela.gnu.linkonce.t*)

.rel.fini
 *(.rel.fini)

.rela.fini
 *(.rela.fini)

.rel.rodata
 *(.rel.rodata)
 *(.rel.rodata.*)
 *(.rel.gnu.linkonce.r*)

.rela.rodata
 *(.rela.rodata)
 *(.rela.rodata.*)
 *(.rela.gnu.linkonce.r*)

.rel.data
 *(.rel.data)
 *(.rel.data.*)
 *(.rel.gnu.linkonce.d*)

.rela.data
 *(.rela.data)
 *(.rela.data.*)
 *(.rela.gnu.linkonce.d*)

.rel.ctors
 *(.rel.ctors)

.rela.ctors
 *(.rela.ctors)

.rel.dtors
 *(.rel.dtors)

.rela.dtors
 *(.rela.dtors)

.rel.got
 *(.rel.got)

.rela.got
 *(.rela.got)

.rel.bss
 *(.rel.bss)

.rela.bss
 *(.rela.bss)

.rel.plt
 *(.rel.plt)

.rela.plt
 *(.rela.plt)

.text           0x00000000     0x45c0
 *(.vectors)
 .vectors       0x00000000       0x54 c:/winavr-20100110/bin/../lib/gcc/avr/4.3.3/../../../../avr/lib/avr5/crtm32.o
                0x00000000                __vectors
                0x00000000                __vector_default
 *(.vectors)
 *(.progmem.gcc*)
 *(.progmem*)
                0x00000054                . = ALIGN (0x2)
                0x00000054                __trampolines_start = .
 *(.trampolines)
 .trampolines   0x00000054        0x0 linker stubs
 *(.trampolines*)
                0x00000054                __trampolines_end = .
 *(.jumptables)
 *(.jumptables*)
 *(.lowtext)
 *(.lowtext*)
                0x00000054                __ctors_start = .
 *(.ctors)
                0x00000054                __ctors_end = .
                0x00000054                __dtors_start = .
 *(.dtors)
                0x00000054                __dtors_end = .
 SORT(*)(.ctors)
 SORT(*)(.dtors)
 *(.init0)
 .init0         0x00000054        0x0 c:/winavr-20100110/bin/../lib/gcc/avr/4.3.3/../../../../avr/lib/avr5/crtm32.o
                0x00000054                __init
 *(.init0)
 *(.init1)
 *(.init1)
 *(.init2)
 .init2         0x00000054        0xc c:/winavr-20100110/bin/../lib/gcc/avr/4.3.3/../../../../avr/lib/avr5/crtm32.o
 *(.init2)
 *(.init3)
 *(.init3)
 *(.init4)
 .init4         0x00000060       0x16 c:/winavr-20100110/bin/../lib/gcc/avr/4.3.3/avr5\libgcc.a(_copy_data.o)
                0x00000060                __do_copy_data
 .init4         0x00000076       0x10 c:/winavr-20100110/bin/../lib/gcc/avr/4.3.3/avr5\libgcc.a(_clear_bss.o)
                0x00000076                __do_clear_bss
 *(.init4)
 *(.init5)
 *(.init5)
 *(.init6)
 *(.init6)
 *(.init7)
 *(.init7)
 *(.init8)
 *(.init8)
 *(.init9)
 .init9         0x00000086        0x8 c:/winavr-20100110/bin/../lib/gcc/avr/4.3.3/../../../../avr/lib/avr5/crtm32.o
 *(.init9)
 *(.text)
 .text          0x0000008e        0x4 c:/winavr-20100110/bin/../lib/gcc/avr/4.3.3/../../../../avr/lib/avr5/crtm32.o
                0x0000008e                __vector_1
                0x0000008e                __bad_interrupt
                0x0000008e                __vector_17
                0x0000008e                __vector_19
                0x0000008e                __vector_2
                0x0000008e                __vector_16
                0x0000008e                __vector_18
                0x0000008e                __vector_20
 .text          0x00000092        0x0 ./Applications.o
 .text          0x00000092        0x0 ./HwPWM.o
 .text          0x00000092        0x0 ./LCD.o
 .text          0x00000092        0x0 ./SPI.o
 .text          0x00000092        0x0 ./SwICU.o
 .text          0x00000092        0x0 ./UART.o
 .text          0x00000092        0x0 ./dcMotor.o
 .text          0x00000092        0x0 ./gpio.o
 .text          0x00000092        0x0 ./led.o
 .text          0x00000092        0x0 ./pushButton.o
 .text          0x00000092        0x0 ./sevenSeg.o
 .text          0x00000092        0x0 ./softwareDelay.o
 .text          0x00000092        0x0 ./timers.o
 .text          0x00000092        0x0 c:/winavr-20100110/bin/../lib/gcc/avr/4.3.3/avr5\libgcc.a(_mulsi3.o)
 .text          0x00000092        0x0 c:/winavr-20100110/bin/../lib/gcc/avr/4.3.3/avr5\libgcc.a(_udivmodqi4.o)
 .text          0x00000092        0x0 c:/winavr-20100110/bin/../lib/gcc/avr/4.3.3/avr5\libgcc.a(_udivmodhi4.o)
 .text          0x00000092        0x0 c:/winavr-20100110/bin/../lib/gcc/avr/4.3.3/avr5\libgcc.a(_udivmodsi4.o)
 .text          0x00000092        0x0 c:/winavr-20100110/bin/../lib/gcc/avr/4.3.3/avr5\libgcc.a(_divmodsi4.o)
 .text          0x00000092        0x0 c:/winavr-20100110/bin/../lib/gcc/avr/4.3.3/avr5\libgcc.a(_exit.o)
 .text          0x00000092        0x0 c:/winavr-20100110/bin/../lib/gcc/avr/4.3.3/avr5\libgcc.a(_copy_data.o)
 .text          0x00000092        0x0 c:/winavr-20100110/bin/../lib/gcc/avr/4.3.3/avr5\libgcc.a(_clear_bss.o)
 .text          0x00000092       0x58 c:/winavr-20100110/bin/../lib/gcc/avr/4.3.3/avr5\libgcc.a(_fixunssfsi.o)
                0x00000092                __fixunssfsi
 .text          0x000000ea      0x354 c:/winavr-20100110/bin/../lib/gcc/avr/4.3.3/avr5\libgcc.a(_addsub_sf.o)
                0x00000382                __subsf3
                0x000003e4                __addsf3
 .text          0x0000043e      0x1f4 c:/winavr-20100110/bin/../lib/gcc/avr/4.3.3/avr5\libgcc.a(_mul_sf.o)
                0x0000043e                __mulsf3
 .text          0x00000632       0x60 c:/winavr-20100110/bin/../lib/gcc/avr/4.3.3/avr5\libgcc.a(_gt_sf.o)
                0x00000632                __gtsf2
 .text          0x00000692       0x60 c:/winavr-20100110/bin/../lib/gcc/avr/4.3.3/avr5\libgcc.a(_ge_sf.o)
                0x00000692                __gesf2
 .text          0x000006f2       0x60 c:/winavr-20100110/bin/../lib/gcc/avr/4.3.3/avr5\libgcc.a(_lt_sf.o)
                0x000006f2                __ltsf2
 .text          0x00000752       0xa8 c:/winavr-20100110/bin/../lib/gcc/avr/4.3.3/avr5\libgcc.a(_sf_to_si.o)
                0x00000752                __fixsfsi
 .text          0x000007fa        0x0 c:/winavr-20100110/bin/../lib/gcc/avr/4.3.3/avr5\libgcc.a(_thenan_sf.o)
 .text          0x000007fa        0x0 c:/winavr-20100110/bin/../lib/gcc/avr/4.3.3/avr5\libgcc.a(_prologue.o)
 .text          0x000007fa        0x0 c:/winavr-20100110/bin/../lib/gcc/avr/4.3.3/avr5\libgcc.a(_epilogue.o)
 .text          0x000007fa      0x1aa c:/winavr-20100110/bin/../lib/gcc/avr/4.3.3/avr5\libgcc.a(_pack_sf.o)
                0x000007fa                __pack_f
 .text          0x000009a4       0xf0 c:/winavr-20100110/bin/../lib/gcc/avr/4.3.3/avr5\libgcc.a(_unpack_sf.o)
                0x000009a4                __unpack_f
 .text          0x00000a94       0xb2 c:/winavr-20100110/bin/../lib/gcc/avr/4.3.3/avr5\libgcc.a(_fpcmp_parts_sf.o)
                0x00000a94                __fpcmp_parts_f
                0x00000b46                . = ALIGN (0x2)
 *(.text.*)
 .text.main     0x00000b46       0x9c ./Applications.o
                0x00000b46                main
 .text.app_tx   0x00000be2        0xe ./Applications.o
                0x00000be2                app_tx
 .text.app_rx   0x00000bf0       0x14 ./Applications.o
                0x00000bf0                app_rx
 .text.app_spi  0x00000c04        0xe ./Applications.o
                0x00000c04                app_spi
 .text.GPIO_REQ7
                0x00000c12       0xd4 ./Applications.o
                0x00000c12                GPIO_REQ7
 .text.GPIO_REQ8
                0x00000ce6       0x94 ./Applications.o
                0x00000ce6                GPIO_REQ8
 .text.GPIO_REQ9
                0x00000d7a       0x98 ./Applications.o
                0x00000d7a                GPIO_REQ9
 .text.HwPWMInit
                0x00000e12       0xc8 ./HwPWM.o
                0x00000e12                HwPWMInit
 .text.HwPWMSetDuty
                0x00000eda      0x156 ./HwPWM.o
                0x00000eda                HwPWMSetDuty
 .text.LCD_init
                0x00001030       0x42 ./LCD.o
                0x00001030                LCD_init
 .text.LCD_sendCommand
                0x00001072      0x83a ./LCD.o
                0x00001072                LCD_sendCommand
 .text.LCD_displayCharacter
                0x000018ac      0x83a ./LCD.o
                0x000018ac                LCD_displayCharacter
 .text.LCD_displayString
                0x000020e6       0x38 ./LCD.o
                0x000020e6                LCD_displayString
 .text.LCD_goToRowColumn
                0x0000211e       0x84 ./LCD.o
                0x0000211e                LCD_goToRowColumn
 .text.LCD_displayStringRowColumn
                0x000021a2       0x32 ./LCD.o
                0x000021a2                LCD_displayStringRowColumn
 .text.LCD_displayInteger
                0x000021d4       0xf0 ./LCD.o
                0x000021d4                LCD_displayInteger
 .text.LCD_clearScreen
                0x000022c4       0x14 ./LCD.o
                0x000022c4                LCD_clearScreen
 .text.__vector_12
                0x000022d8       0x66 ./SPI.o
                0x000022d8                __vector_12
 .text.SPI_init
                0x0000233e       0xce ./SPI.o
                0x0000233e                SPI_init
 .text.SPI_setCallBack
                0x0000240c       0x24 ./SPI.o
                0x0000240c                SPI_setCallBack
 .text.SPI_sendByte
                0x00002430       0x30 ./SPI.o
                0x00002430                SPI_sendByte
 .text.SPI_receiveByte
                0x00002460       0x28 ./SPI.o
                0x00002460                SPI_receiveByte
 .text.__vector_3
                0x00002488       0x98 ./SwICU.o
                0x00002488                __vector_3
 .text.SwICU_Init
                0x00002520       0x64 ./SwICU.o
                0x00002520                SwICU_Init
 .text.SwICU_GetCfgEdge
                0x00002584       0x10 ./SwICU.o
                0x00002584                SwICU_GetCfgEdge
 .text.SwICU_SetCfgEdge
                0x00002594       0x28 ./SwICU.o
                0x00002594                SwICU_SetCfgEdge
 .text.SwICU_Read
                0x000025bc       0x22 ./SwICU.o
                0x000025bc                SwICU_Read
 .text.SwICU_Stop
                0x000025de       0x12 ./SwICU.o
                0x000025de                SwICU_Stop
 .text.SwICU_Start
                0x000025f0       0x12 ./SwICU.o
                0x000025f0                SwICU_Start
 .text.SwICU_Enable
                0x00002602        0xe ./SwICU.o
                0x00002602                SwICU_Enable
 .text.SwICU_Disable
                0x00002610        0xe ./SwICU.o
                0x00002610                SwICU_Disable
 .text.__vector_13
                0x0000261e       0x66 ./UART.o
                0x0000261e                __vector_13
 .text.__vector_14
                0x00002684       0x66 ./UART.o
                0x00002684                __vector_14
 .text.__vector_15
                0x000026ea       0x66 ./UART.o
                0x000026ea                __vector_15
 .text.UART_TXC_setCallBack
                0x00002750       0x24 ./UART.o
                0x00002750                UART_TXC_setCallBack
 .text.UART_RXC_setCallBack
                0x00002774       0x24 ./UART.o
                0x00002774                UART_RXC_setCallBack
 .text.UART_UDRE_setCallBack
                0x00002798       0x24 ./UART.o
                0x00002798                UART_UDRE_setCallBack
 .text.UART_init
                0x000027bc      0x188 ./UART.o
                0x000027bc                UART_init
 .text.UART_transmit
                0x00002944       0x40 ./UART.o
                0x00002944                UART_transmit
 .text.UART_receive
                0x00002984       0x28 ./UART.o
                0x00002984                UART_receive
 .text.MotorDC_Init
                0x000029ac       0x8a ./dcMotor.o
                0x000029ac                MotorDC_Init
 .text.MotorDC_Dir
                0x00002a36      0x102 ./dcMotor.o
                0x00002a36                MotorDC_Dir
 .text.MotorDC_Speed_PollingWithT0
                0x00002b38       0x1c ./dcMotor.o
                0x00002b38                MotorDC_Speed_PollingWithT0
 .text.MotorDC_Speed_HwPWM
                0x00002b54       0x14 ./dcMotor.o
                0x00002b54                MotorDC_Speed_HwPWM
 .text.gpioPortDirection
                0x00002b68       0x82 ./gpio.o
                0x00002b68                gpioPortDirection
 .text.gpioPortWrite
                0x00002bea       0x82 ./gpio.o
                0x00002bea                gpioPortWrite
 .text.gpioPortToggle
                0x00002c6c       0x96 ./gpio.o
                0x00002c6c                gpioPortToggle
 .text.gpioPortRead
                0x00002d02       0x88 ./gpio.o
                0x00002d02                gpioPortRead
 .text.gpioPinDirection
                0x00002d8a       0xd8 ./gpio.o
                0x00002d8a                gpioPinDirection
 .text.gpioPinWrite
                0x00002e62       0xd8 ./gpio.o
                0x00002e62                gpioPinWrite
 .text.gpioPinToggle
                0x00002f3a       0xa2 ./gpio.o
                0x00002f3a                gpioPinToggle
 .text.gpioPinRead
                0x00002fdc       0xde ./gpio.o
                0x00002fdc                gpioPinRead
 .text.Led_Init
                0x000030ba       0x86 ./led.o
                0x000030ba                Led_Init
 .text.Led_On   0x00003140       0x86 ./led.o
                0x00003140                Led_On
 .text.Led_Off  0x000031c6       0x86 ./led.o
                0x000031c6                Led_Off
 .text.Led_Toggle
                0x0000324c       0x7e ./led.o
                0x0000324c                Led_Toggle
 .text.pushButtonInit
                0x000032ca       0x4e ./pushButton.o
                0x000032ca                pushButtonInit
 .text.pushButtonUpdate
                0x00003318        0xe ./pushButton.o
                0x00003318                pushButtonUpdate
 .text.pushButtonGetStatus
                0x00003326       0xd0 ./pushButton.o
                0x00003326                pushButtonGetStatus
 .text.sevenSegInit
                0x000033f6       0x96 ./sevenSeg.o
                0x000033f6                sevenSegInit
 .text.sevenSegEnable
                0x0000348c       0x5a ./sevenSeg.o
                0x0000348c                sevenSegEnable
 .text.sevenSegDisable
                0x000034e6       0x56 ./sevenSeg.o
                0x000034e6                sevenSegDisable
 .text.sevenSegWrite
                0x0000353c       0x6a ./sevenSeg.o
                0x0000353c                sevenSegWrite
 .text.softwareDelayMs
                0x000035a6       0xb2 ./softwareDelay.o
                0x000035a6                softwareDelayMs
 .text.__vector_10
                0x00003658       0x66 ./timers.o
                0x00003658                __vector_10
 .text.__vector_11
                0x000036be       0x66 ./timers.o
                0x000036be                __vector_11
 .text.__vector_6
                0x00003724       0x66 ./timers.o
                0x00003724                __vector_6
 .text.__vector_7
                0x0000378a       0x66 ./timers.o
                0x0000378a                __vector_7
 .text.__vector_8
                0x000037f0       0x66 ./timers.o
                0x000037f0                __vector_8
 .text.__vector_9
                0x00003856       0x66 ./timers.o
                0x00003856                __vector_9
 .text.__vector_4
                0x000038bc       0x66 ./timers.o
                0x000038bc                __vector_4
 .text.__vector_5
                0x00003922       0x66 ./timers.o
                0x00003922                __vector_5
 .text.timer0Init
                0x00003988       0x94 ./timers.o
                0x00003988                timer0Init
 .text.timer0Set
                0x00003a1c       0x1c ./timers.o
                0x00003a1c                timer0Set
 .text.timer0Read
                0x00003a38       0x14 ./timers.o
                0x00003a38                timer0Read
 .text.timer0Start
                0x00003a4c       0x2a ./timers.o
                0x00003a4c                timer0Start
 .text.timer0Stop
                0x00003a76       0x1c ./timers.o
                0x00003a76                timer0Stop
 .text.timer0DelayMs
                0x00003a92       0x76 ./timers.o
                0x00003a92                timer0DelayMs
 .text.timer0DelayUs
                0x00003b08       0xb6 ./timers.o
                0x00003b08                timer0DelayUs
 .text.timer0SwPWM
                0x00003bbe       0xb8 ./timers.o
                0x00003bbe                timer0SwPWM
 .text.Timer0_OVF_setCallBack
                0x00003c76       0x24 ./timers.o
                0x00003c76                Timer0_OVF_setCallBack
 .text.Timer0_CTC_setCallBack
                0x00003c9a       0x24 ./timers.o
                0x00003c9a                Timer0_CTC_setCallBack
 .text.timer1Init
                0x00003cbe       0xd4 ./timers.o
                0x00003cbe                timer1Init
 .text.timer1Set
                0x00003d92       0x24 ./timers.o
                0x00003d92                timer1Set
 .text.timer1Read
                0x00003db6       0x16 ./timers.o
                0x00003db6                timer1Read
 .text.timer1Start
                0x00003dcc       0x2c ./timers.o
                0x00003dcc                timer1Start
 .text.timer1Stop
                0x00003df8       0x1c ./timers.o
                0x00003df8                timer1Stop
 .text.timer1DelayMs
                0x00003e14       0xa6 ./timers.o
                0x00003e14                timer1DelayMs
 .text.timer1DelayUs
                0x00003eba       0xe0 ./timers.o
                0x00003eba                timer1DelayUs
 .text.timer1SwPWM
                0x00003f9a       0xde ./timers.o
                0x00003f9a                timer1SwPWM
 .text.Timer1_OVF_setCallBack
                0x00004078       0x24 ./timers.o
                0x00004078                Timer1_OVF_setCallBack
 .text.Timer1_CTC_A_setCallBack
                0x0000409c       0x24 ./timers.o
                0x0000409c                Timer1_CTC_A_setCallBack
 .text.Timer1_CTC_B_setCallBack
                0x000040c0       0x24 ./timers.o
                0x000040c0                Timer1_CTC_B_setCallBack
 .text.Timer1_ICU_setCallBack
                0x000040e4       0x24 ./timers.o
                0x000040e4                Timer1_ICU_setCallBack
 .text.timer2Init
                0x00004108       0xa0 ./timers.o
                0x00004108                timer2Init
 .text.timer2Set
                0x000041a8       0x1c ./timers.o
                0x000041a8                timer2Set
 .text.timer2Read
                0x000041c4       0x14 ./timers.o
                0x000041c4                timer2Read
 .text.timer2Start
                0x000041d8       0x2a ./timers.o
                0x000041d8                timer2Start
 .text.timer2Stop
                0x00004202       0x1c ./timers.o
                0x00004202                timer2Stop
 .text.timer2DelayMs
                0x0000421e       0x7c ./timers.o
                0x0000421e                timer2DelayMs
 .text.timer2DelayUs
                0x0000429a       0xb4 ./timers.o
                0x0000429a                timer2DelayUs
 .text.timer2SwPWM
                0x0000434e       0xc0 ./timers.o
                0x0000434e                timer2SwPWM
 .text.Timer2_OVF_setCallBack
                0x0000440e       0x24 ./timers.o
                0x0000440e                Timer2_OVF_setCallBack
 .text.Timer2_CTC_setCallBack
                0x00004432       0x24 ./timers.o
                0x00004432                Timer2_CTC_setCallBack
 .text.libgcc   0x00004456       0x3e c:/winavr-20100110/bin/../lib/gcc/avr/4.3.3/avr5\libgcc.a(_mulsi3.o)
                0x00004456                __mulsi3
 .text.libgcc   0x00004494       0x18 c:/winavr-20100110/bin/../lib/gcc/avr/4.3.3/avr5\libgcc.a(_udivmodqi4.o)
                0x00004494                __udivmodqi4
 .text.libgcc   0x000044ac       0x28 c:/winavr-20100110/bin/../lib/gcc/avr/4.3.3/avr5\libgcc.a(_udivmodhi4.o)
                0x000044ac                __udivmodhi4
 .text.libgcc   0x000044d4       0x44 c:/winavr-20100110/bin/../lib/gcc/avr/4.3.3/avr5\libgcc.a(_udivmodsi4.o)
                0x000044d4                __udivmodsi4
 .text.libgcc   0x00004518       0x36 c:/winavr-20100110/bin/../lib/gcc/avr/4.3.3/avr5\libgcc.a(_divmodsi4.o)
                0x00004518                __divmodsi4
 .text.libgcc   0x0000454e        0x0 c:/winavr-20100110/bin/../lib/gcc/avr/4.3.3/avr5\libgcc.a(_exit.o)
 .text.libgcc   0x0000454e        0x0 c:/winavr-20100110/bin/../lib/gcc/avr/4.3.3/avr5\libgcc.a(_copy_data.o)
 .text.libgcc   0x0000454e        0x0 c:/winavr-20100110/bin/../lib/gcc/avr/4.3.3/avr5\libgcc.a(_clear_bss.o)
 .text.libgcc   0x0000454e       0x38 c:/winavr-20100110/bin/../lib/gcc/avr/4.3.3/avr5\libgcc.a(_prologue.o)
                0x0000454e                __prologue_saves__
 .text.libgcc   0x00004586       0x36 c:/winavr-20100110/bin/../lib/gcc/avr/4.3.3/avr5\libgcc.a(_epilogue.o)
                0x00004586                __epilogue_restores__
                0x000045bc                . = ALIGN (0x2)
 *(.fini9)
 .fini9         0x000045bc        0x0 c:/winavr-20100110/bin/../lib/gcc/avr/4.3.3/avr5\libgcc.a(_exit.o)
                0x000045bc                exit
                0x000045bc                _exit
 *(.fini9)
 *(.fini8)
 *(.fini8)
 *(.fini7)
 *(.fini7)
 *(.fini6)
 *(.fini6)
 *(.fini5)
 *(.fini5)
 *(.fini4)
 *(.fini4)
 *(.fini3)
 *(.fini3)
 *(.fini2)
 *(.fini2)
 *(.fini1)
 *(.fini1)
 *(.fini0)
 .fini0         0x000045bc        0x4 c:/winavr-20100110/bin/../lib/gcc/avr/4.3.3/avr5\libgcc.a(_exit.o)
 *(.fini0)
                0x000045c0                _etext = .

.data           0x00800060       0x10 load address 0x000045c0
                0x00800060                PROVIDE (__data_start, .)
 *(.data)
 .data          0x00800060        0x0 c:/winavr-20100110/bin/../lib/gcc/avr/4.3.3/../../../../avr/lib/avr5/crtm32.o
 .data          0x00800060        0x0 ./Applications.o
 .data          0x00800060        0x0 ./HwPWM.o
 .data          0x00800060        0x0 ./LCD.o
 .data          0x00800060        0x0 ./SPI.o
 .data          0x00800060        0x0 ./SwICU.o
 .data          0x00800060        0x0 ./UART.o
 .data          0x00800060        0x0 ./dcMotor.o
 .data          0x00800060        0x0 ./gpio.o
 .data          0x00800060        0x0 ./led.o
 .data          0x00800060        0x0 ./pushButton.o
 .data          0x00800060        0x0 ./sevenSeg.o
 .data          0x00800060        0x0 ./softwareDelay.o
 .data          0x00800060        0x0 ./timers.o
 .data          0x00800060        0x0 c:/winavr-20100110/bin/../lib/gcc/avr/4.3.3/avr5\libgcc.a(_mulsi3.o)
 .data          0x00800060        0x0 c:/winavr-20100110/bin/../lib/gcc/avr/4.3.3/avr5\libgcc.a(_udivmodqi4.o)
 .data          0x00800060        0x0 c:/winavr-20100110/bin/../lib/gcc/avr/4.3.3/avr5\libgcc.a(_udivmodhi4.o)
 .data          0x00800060        0x0 c:/winavr-20100110/bin/../lib/gcc/avr/4.3.3/avr5\libgcc.a(_udivmodsi4.o)
 .data          0x00800060        0x0 c:/winavr-20100110/bin/../lib/gcc/avr/4.3.3/avr5\libgcc.a(_divmodsi4.o)
 .data          0x00800060        0x0 c:/winavr-20100110/bin/../lib/gcc/avr/4.3.3/avr5\libgcc.a(_exit.o)
 .data          0x00800060        0x0 c:/winavr-20100110/bin/../lib/gcc/avr/4.3.3/avr5\libgcc.a(_copy_data.o)
 .data          0x00800060        0x0 c:/winavr-20100110/bin/../lib/gcc/avr/4.3.3/avr5\libgcc.a(_clear_bss.o)
 .data          0x00800060        0x0 c:/winavr-20100110/bin/../lib/gcc/avr/4.3.3/avr5\libgcc.a(_fixunssfsi.o)
 .data          0x00800060        0x0 c:/winavr-20100110/bin/../lib/gcc/avr/4.3.3/avr5\libgcc.a(_addsub_sf.o)
 .data          0x00800060        0x0 c:/winavr-20100110/bin/../lib/gcc/avr/4.3.3/avr5\libgcc.a(_mul_sf.o)
 .data          0x00800060        0x0 c:/winavr-20100110/bin/../lib/gcc/avr/4.3.3/avr5\libgcc.a(_gt_sf.o)
 .data          0x00800060        0x0 c:/winavr-20100110/bin/../lib/gcc/avr/4.3.3/avr5\libgcc.a(_ge_sf.o)
 .data          0x00800060        0x0 c:/winavr-20100110/bin/../lib/gcc/avr/4.3.3/avr5\libgcc.a(_lt_sf.o)
 .data          0x00800060        0x0 c:/winavr-20100110/bin/../lib/gcc/avr/4.3.3/avr5\libgcc.a(_sf_to_si.o)
 .data          0x00800060        0x8 c:/winavr-20100110/bin/../lib/gcc/avr/4.3.3/avr5\libgcc.a(_thenan_sf.o)
                0x00800060                __thenan_sf
 .data          0x00800068        0x0 c:/winavr-20100110/bin/../lib/gcc/avr/4.3.3/avr5\libgcc.a(_prologue.o)
 .data          0x00800068        0x0 c:/winavr-20100110/bin/../lib/gcc/avr/4.3.3/avr5\libgcc.a(_epilogue.o)
 .data          0x00800068        0x0 c:/winavr-20100110/bin/../lib/gcc/avr/4.3.3/avr5\libgcc.a(_pack_sf.o)
 .data          0x00800068        0x0 c:/winavr-20100110/bin/../lib/gcc/avr/4.3.3/avr5\libgcc.a(_unpack_sf.o)
 .data          0x00800068        0x0 c:/winavr-20100110/bin/../lib/gcc/avr/4.3.3/avr5\libgcc.a(_fpcmp_parts_sf.o)
 *(.data*)
 .data.gu8_sevenSeg1Status
                0x00800068        0x1 ./sevenSeg.o
 *(.rodata)
 *(.rodata*)
 .rodata.C.0.1641
                0x00800069        0x6 ./Applications.o
 *(.gnu.linkonce.d*)
                0x00800070                . = ALIGN (0x2)
 *fill*         0x0080006f        0x1 00
                0x00800070                _edata = .
                0x00800070                PROVIDE (__data_end, .)

.bss            0x00800070       0x1e
                0x00800070                PROVIDE (__bss_start, .)
 *(.bss)
 .bss           0x00800070        0x0 c:/winavr-20100110/bin/../lib/gcc/avr/4.3.3/../../../../avr/lib/avr5/crtm32.o
 .bss           0x00800070        0x0 ./Applications.o
 .bss           0x00800070        0x0 ./HwPWM.o
 .bss           0x00800070        0x0 ./LCD.o
 .bss           0x00800070        0x0 ./SPI.o
 .bss           0x00800070        0x0 ./SwICU.o
 .bss           0x00800070        0x0 ./UART.o
 .bss           0x00800070        0x0 ./dcMotor.o
 .bss           0x00800070        0x0 ./gpio.o
 .bss           0x00800070        0x0 ./led.o
 .bss           0x00800070        0x0 ./pushButton.o
 .bss           0x00800070        0x0 ./sevenSeg.o
 .bss           0x00800070        0x0 ./softwareDelay.o
 .bss           0x00800070        0x0 ./timers.o
 .bss           0x00800070        0x0 c:/winavr-20100110/bin/../lib/gcc/avr/4.3.3/avr5\libgcc.a(_mulsi3.o)
 .bss           0x00800070        0x0 c:/winavr-20100110/bin/../lib/gcc/avr/4.3.3/avr5\libgcc.a(_udivmodqi4.o)
 .bss           0x00800070        0x0 c:/winavr-20100110/bin/../lib/gcc/avr/4.3.3/avr5\libgcc.a(_udivmodhi4.o)
 .bss           0x00800070        0x0 c:/winavr-20100110/bin/../lib/gcc/avr/4.3.3/avr5\libgcc.a(_udivmodsi4.o)
 .bss           0x00800070        0x0 c:/winavr-20100110/bin/../lib/gcc/avr/4.3.3/avr5\libgcc.a(_divmodsi4.o)
 .bss           0x00800070        0x0 c:/winavr-20100110/bin/../lib/gcc/avr/4.3.3/avr5\libgcc.a(_exit.o)
 .bss           0x00800070        0x0 c:/winavr-20100110/bin/../lib/gcc/avr/4.3.3/avr5\libgcc.a(_copy_data.o)
 .bss           0x00800070        0x0 c:/winavr-20100110/bin/../lib/gcc/avr/4.3.3/avr5\libgcc.a(_clear_bss.o)
 .bss           0x00800070        0x0 c:/winavr-20100110/bin/../lib/gcc/avr/4.3.3/avr5\libgcc.a(_fixunssfsi.o)
 .bss           0x00800070        0x0 c:/winavr-20100110/bin/../lib/gcc/avr/4.3.3/avr5\libgcc.a(_addsub_sf.o)
 .bss           0x00800070        0x0 c:/winavr-20100110/bin/../lib/gcc/avr/4.3.3/avr5\libgcc.a(_mul_sf.o)
 .bss           0x00800070        0x0 c:/winavr-20100110/bin/../lib/gcc/avr/4.3.3/avr5\libgcc.a(_gt_sf.o)
 .bss           0x00800070        0x0 c:/winavr-20100110/bin/../lib/gcc/avr/4.3.3/avr5\libgcc.a(_ge_sf.o)
 .bss           0x00800070        0x0 c:/winavr-20100110/bin/../lib/gcc/avr/4.3.3/avr5\libgcc.a(_lt_sf.o)
 .bss           0x00800070        0x0 c:/winavr-20100110/bin/../lib/gcc/avr/4.3.3/avr5\libgcc.a(_sf_to_si.o)
 .bss           0x00800070        0x0 c:/winavr-20100110/bin/../lib/gcc/avr/4.3.3/avr5\libgcc.a(_thenan_sf.o)
 .bss           0x00800070        0x0 c:/winavr-20100110/bin/../lib/gcc/avr/4.3.3/avr5\libgcc.a(_prologue.o)
 .bss           0x00800070        0x0 c:/winavr-20100110/bin/../lib/gcc/avr/4.3.3/avr5\libgcc.a(_epilogue.o)
 .bss           0x00800070        0x0 c:/winavr-20100110/bin/../lib/gcc/avr/4.3.3/avr5\libgcc.a(_pack_sf.o)
 .bss           0x00800070        0x0 c:/winavr-20100110/bin/../lib/gcc/avr/4.3.3/avr5\libgcc.a(_unpack_sf.o)
 .bss           0x00800070        0x0 c:/winavr-20100110/bin/../lib/gcc/avr/4.3.3/avr5\libgcc.a(_fpcmp_parts_sf.o)
 *(.bss*)
 .bss.flag      0x00800070        0x1 ./Applications.o
                0x00800070                flag
 .bss.g_SPI_callBackPtr
                0x00800071        0x2 ./SPI.o
 .bss.gu8_swIcuRead
                0x00800073        0x1 ./SwICU.o
                0x00800073                gu8_swIcuRead
 .bss.gu8_swIcuFlag
                0x00800074        0x1 ./SwICU.o
                0x00800074                gu8_swIcuFlag
 .bss.g_TXC_callBackPtr
                0x00800075        0x2 ./UART.o
 .bss.g_RXC_callBackPtr
                0x00800077        0x2 ./UART.o
 .bss.g_UDRE_callBackPtr
                0x00800079        0x2 ./UART.o
 .bss.gu8_sevenSeg0Status
                0x0080007b        0x1 ./sevenSeg.o
 .bss.gu8_timer0Timer1PreScaler
                0x0080007c        0x1 ./timers.o
 .bss.gu8_timer2PreScaler
                0x0080007d        0x1 ./timers.o
 .bss.g_T0_CTC_callBackPtr
                0x0080007e        0x2 ./timers.o
 .bss.g_T0_OVF_callBackPtr
                0x00800080        0x2 ./timers.o
 .bss.g_T1_ICU_callBackPtr
                0x00800082        0x2 ./timers.o
 .bss.g_T1_CTC_A_callBackPtr
                0x00800084        0x2 ./timers.o
 .bss.g_T1_CTC_B_callBackPtr
                0x00800086        0x2 ./timers.o
 .bss.g_T1_OVF_callBackPtr
                0x00800088        0x2 ./timers.o
 .bss.g_T2_CTC_callBackPtr
                0x0080008a        0x2 ./timers.o
 .bss.g_T2_OVF_callBackPtr
                0x0080008c        0x2 ./timers.o
 *(COMMON)
                0x0080008e                PROVIDE (__bss_end, .)
                0x000045c0                __data_load_start = LOADADDR (.data)
                0x000045d0                __data_load_end = (__data_load_start + SIZEOF (.data))

.noinit         0x0080008e        0x0
                0x0080008e                PROVIDE (__noinit_start, .)
 *(.noinit*)
                0x0080008e                PROVIDE (__noinit_end, .)
                0x0080008e                _end = .
                0x0080008e                PROVIDE (__heap_start, .)

.eeprom         0x00810000        0x0
 *(.eeprom*)
                0x00810000                __eeprom_end = .

.fuse
 *(.fuse)
 *(.lfuse)
 *(.hfuse)
 *(.efuse)

.lock
 *(.lock*)

.signature
 *(.signature*)

.stab           0x00000000     0x4d7c
 *(.stab)
 .stab          0x00000000      0xb70 ./Applications.o
 .stab          0x00000b70      0x288 ./HwPWM.o
                                0x474 (size before relaxing)
 .stab          0x00000df8      0xf24 ./LCD.o
                               0x1128 (size before relaxing)
 .stab          0x00001d1c      0x3a8 ./SPI.o
                                0x5c4 (size before relaxing)
 .stab          0x000020c4      0x3b4 ./SwICU.o
                                0x744 (size before relaxing)
 .stab          0x00002478      0x498 ./UART.o
                                0x768 (size before relaxing)
 .stab          0x00002910      0x384 ./dcMotor.o
                                0x5ac (size before relaxing)
 .stab          0x00002c94      0x570 ./gpio.o
                                0x624 (size before relaxing)
 .stab          0x00003204      0x2ac ./led.o
                                0x384 (size before relaxing)
 .stab          0x000034b0      0x294 ./pushButton.o
                                0x384 (size before relaxing)
 .stab          0x00003744      0x318 ./sevenSeg.o
                                0x3f0 (size before relaxing)
 .stab          0x00003a5c      0x18c ./softwareDelay.o
                                0x228 (size before relaxing)
 .stab          0x00003be8     0x1194 ./timers.o
                               0x150c (size before relaxing)

.stabstr        0x00000000     0x2953
 *(.stabstr)
 .stabstr       0x00000000     0x2953 ./Applications.o

.stab.excl
 *(.stab.excl)

.stab.exclstr
 *(.stab.exclstr)

.stab.index
 *(.stab.index)

.stab.indexstr
 *(.stab.indexstr)

.comment
 *(.comment)

.debug
 *(.debug)

.line
 *(.line)

.debug_srcinfo
 *(.debug_srcinfo)

.debug_sfnames
 *(.debug_sfnames)

.debug_aranges  0x00000000      0x140
 *(.debug_aranges)
 .debug_aranges
                0x00000000       0x20 c:/winavr-20100110/bin/../lib/gcc/avr/4.3.3/avr5\libgcc.a(_fixunssfsi.o)
 .debug_aranges
                0x00000020       0x20 c:/winavr-20100110/bin/../lib/gcc/avr/4.3.3/avr5\libgcc.a(_addsub_sf.o)
 .debug_aranges
                0x00000040       0x20 c:/winavr-20100110/bin/../lib/gcc/avr/4.3.3/avr5\libgcc.a(_mul_sf.o)
 .debug_aranges
                0x00000060       0x20 c:/winavr-20100110/bin/../lib/gcc/avr/4.3.3/avr5\libgcc.a(_gt_sf.o)
 .debug_aranges
                0x00000080       0x20 c:/winavr-20100110/bin/../lib/gcc/avr/4.3.3/avr5\libgcc.a(_ge_sf.o)
 .debug_aranges
                0x000000a0       0x20 c:/winavr-20100110/bin/../lib/gcc/avr/4.3.3/avr5\libgcc.a(_lt_sf.o)
 .debug_aranges
                0x000000c0       0x20 c:/winavr-20100110/bin/../lib/gcc/avr/4.3.3/avr5\libgcc.a(_sf_to_si.o)
 .debug_aranges
                0x000000e0       0x20 c:/winavr-20100110/bin/../lib/gcc/avr/4.3.3/avr5\libgcc.a(_pack_sf.o)
 .debug_aranges
                0x00000100       0x20 c:/winavr-20100110/bin/../lib/gcc/avr/4.3.3/avr5\libgcc.a(_unpack_sf.o)
 .debug_aranges
                0x00000120       0x20 c:/winavr-20100110/bin/../lib/gcc/avr/4.3.3/avr5\libgcc.a(_fpcmp_parts_sf.o)

.debug_pubnames
                0x00000000      0x170
 *(.debug_pubnames)
 .debug_pubnames
                0x00000000       0x23 c:/winavr-20100110/bin/../lib/gcc/avr/4.3.3/avr5\libgcc.a(_fixunssfsi.o)
 .debug_pubnames
                0x00000023       0x2c c:/winavr-20100110/bin/../lib/gcc/avr/4.3.3/avr5\libgcc.a(_addsub_sf.o)
 .debug_pubnames
                0x0000004f       0x1f c:/winavr-20100110/bin/../lib/gcc/avr/4.3.3/avr5\libgcc.a(_mul_sf.o)
 .debug_pubnames
                0x0000006e       0x1e c:/winavr-20100110/bin/../lib/gcc/avr/4.3.3/avr5\libgcc.a(_gt_sf.o)
 .debug_pubnames
                0x0000008c       0x1e c:/winavr-20100110/bin/../lib/gcc/avr/4.3.3/avr5\libgcc.a(_ge_sf.o)
 .debug_pubnames
                0x000000aa       0x1e c:/winavr-20100110/bin/../lib/gcc/avr/4.3.3/avr5\libgcc.a(_lt_sf.o)
 .debug_pubnames
                0x000000c8       0x20 c:/winavr-20100110/bin/../lib/gcc/avr/4.3.3/avr5\libgcc.a(_sf_to_si.o)
 .debug_pubnames
                0x000000e8       0x22 c:/winavr-20100110/bin/../lib/gcc/avr/4.3.3/avr5\libgcc.a(_thenan_sf.o)
 .debug_pubnames
                0x0000010a       0x1f c:/winavr-20100110/bin/../lib/gcc/avr/4.3.3/avr5\libgcc.a(_pack_sf.o)
 .debug_pubnames
                0x00000129       0x21 c:/winavr-20100110/bin/../lib/gcc/avr/4.3.3/avr5\libgcc.a(_unpack_sf.o)
 .debug_pubnames
                0x0000014a       0x26 c:/winavr-20100110/bin/../lib/gcc/avr/4.3.3/avr5\libgcc.a(_fpcmp_parts_sf.o)

.debug_info     0x00000000     0x1c49
 *(.debug_info)
 .debug_info    0x00000000       0xb1 c:/winavr-20100110/bin/../lib/gcc/avr/4.3.3/avr5\libgcc.a(_fixunssfsi.o)
 .debug_info    0x000000b1      0x47a c:/winavr-20100110/bin/../lib/gcc/avr/4.3.3/avr5\libgcc.a(_addsub_sf.o)
 .debug_info    0x0000052b      0x485 c:/winavr-20100110/bin/../lib/gcc/avr/4.3.3/avr5\libgcc.a(_mul_sf.o)
 .debug_info    0x000009b0      0x27f c:/winavr-20100110/bin/../lib/gcc/avr/4.3.3/avr5\libgcc.a(_gt_sf.o)
 .debug_info    0x00000c2f      0x27f c:/winavr-20100110/bin/../lib/gcc/avr/4.3.3/avr5\libgcc.a(_ge_sf.o)
 .debug_info    0x00000eae      0x27f c:/winavr-20100110/bin/../lib/gcc/avr/4.3.3/avr5\libgcc.a(_lt_sf.o)
 .debug_info    0x0000112d      0x2b0 c:/winavr-20100110/bin/../lib/gcc/avr/4.3.3/avr5\libgcc.a(_sf_to_si.o)
 .debug_info    0x000013dd      0x12c c:/winavr-20100110/bin/../lib/gcc/avr/4.3.3/avr5\libgcc.a(_thenan_sf.o)
 .debug_info    0x00001509      0x2df c:/winavr-20100110/bin/../lib/gcc/avr/4.3.3/avr5\libgcc.a(_pack_sf.o)
 .debug_info    0x000017e8      0x251 c:/winavr-20100110/bin/../lib/gcc/avr/4.3.3/avr5\libgcc.a(_unpack_sf.o)
 .debug_info    0x00001a39      0x210 c:/winavr-20100110/bin/../lib/gcc/avr/4.3.3/avr5\libgcc.a(_fpcmp_parts_sf.o)
 *(.gnu.linkonce.wi.*)

.debug_abbrev   0x00000000      0xeeb
 *(.debug_abbrev)
 .debug_abbrev  0x00000000       0x5d c:/winavr-20100110/bin/../lib/gcc/avr/4.3.3/avr5\libgcc.a(_fixunssfsi.o)
 .debug_abbrev  0x0000005d      0x1ea c:/winavr-20100110/bin/../lib/gcc/avr/4.3.3/avr5\libgcc.a(_addsub_sf.o)
 .debug_abbrev  0x00000247      0x21b c:/winavr-20100110/bin/../lib/gcc/avr/4.3.3/avr5\libgcc.a(_mul_sf.o)
 .debug_abbrev  0x00000462      0x15a c:/winavr-20100110/bin/../lib/gcc/avr/4.3.3/avr5\libgcc.a(_gt_sf.o)
 .debug_abbrev  0x000005bc      0x15a c:/winavr-20100110/bin/../lib/gcc/avr/4.3.3/avr5\libgcc.a(_ge_sf.o)
 .debug_abbrev  0x00000716      0x15a c:/winavr-20100110/bin/../lib/gcc/avr/4.3.3/avr5\libgcc.a(_lt_sf.o)
 .debug_abbrev  0x00000870      0x17f c:/winavr-20100110/bin/../lib/gcc/avr/4.3.3/avr5\libgcc.a(_sf_to_si.o)
 .debug_abbrev  0x000009ef       0xad c:/winavr-20100110/bin/../lib/gcc/avr/4.3.3/avr5\libgcc.a(_thenan_sf.o)
 .debug_abbrev  0x00000a9c      0x1c0 c:/winavr-20100110/bin/../lib/gcc/avr/4.3.3/avr5\libgcc.a(_pack_sf.o)
 .debug_abbrev  0x00000c5c      0x154 c:/winavr-20100110/bin/../lib/gcc/avr/4.3.3/avr5\libgcc.a(_unpack_sf.o)
 .debug_abbrev  0x00000db0      0x13b c:/winavr-20100110/bin/../lib/gcc/avr/4.3.3/avr5\libgcc.a(_fpcmp_parts_sf.o)

.debug_line     0x00000000      0xdad
 *(.debug_line)
 .debug_line    0x00000000       0xa7 c:/winavr-20100110/bin/../lib/gcc/avr/4.3.3/avr5\libgcc.a(_fixunssfsi.o)
 .debug_line    0x000000a7      0x2af c:/winavr-20100110/bin/../lib/gcc/avr/4.3.3/avr5\libgcc.a(_addsub_sf.o)
 .debug_line    0x00000356      0x239 c:/winavr-20100110/bin/../lib/gcc/avr/4.3.3/avr5\libgcc.a(_mul_sf.o)
 .debug_line    0x0000058f       0xd3 c:/winavr-20100110/bin/../lib/gcc/avr/4.3.3/avr5\libgcc.a(_gt_sf.o)
 .debug_line    0x00000662       0xd3 c:/winavr-20100110/bin/../lib/gcc/avr/4.3.3/avr5\libgcc.a(_ge_sf.o)
 .debug_line    0x00000735       0xd3 c:/winavr-20100110/bin/../lib/gcc/avr/4.3.3/avr5\libgcc.a(_lt_sf.o)
 .debug_line    0x00000808      0x109 c:/winavr-20100110/bin/../lib/gcc/avr/4.3.3/avr5\libgcc.a(_sf_to_si.o)
 .debug_line    0x00000911       0x90 c:/winavr-20100110/bin/../lib/gcc/avr/4.3.3/avr5\libgcc.a(_thenan_sf.o)
 .debug_line    0x000009a1      0x18a c:/winavr-20100110/bin/../lib/gcc/avr/4.3.3/avr5\libgcc.a(_pack_sf.o)
 .debug_line    0x00000b2b      0x14b c:/winavr-20100110/bin/../lib/gcc/avr/4.3.3/avr5\libgcc.a(_unpack_sf.o)
 .debug_line    0x00000c76      0x137 c:/winavr-20100110/bin/../lib/gcc/avr/4.3.3/avr5\libgcc.a(_fpcmp_parts_sf.o)

.debug_frame    0x00000000      0x160
 *(.debug_frame)
 .debug_frame   0x00000000       0x20 c:/winavr-20100110/bin/../lib/gcc/avr/4.3.3/avr5\libgcc.a(_fixunssfsi.o)
 .debug_frame   0x00000020       0x40 c:/winavr-20100110/bin/../lib/gcc/avr/4.3.3/avr5\libgcc.a(_addsub_sf.o)
 .debug_frame   0x00000060       0x20 c:/winavr-20100110/bin/../lib/gcc/avr/4.3.3/avr5\libgcc.a(_mul_sf.o)
 .debug_frame   0x00000080       0x20 c:/winavr-20100110/bin/../lib/gcc/avr/4.3.3/avr5\libgcc.a(_gt_sf.o)
 .debug_frame   0x000000a0       0x20 c:/winavr-20100110/bin/../lib/gcc/avr/4.3.3/avr5\libgcc.a(_ge_sf.o)
 .debug_frame   0x000000c0       0x20 c:/winavr-20100110/bin/../lib/gcc/avr/4.3.3/avr5\libgcc.a(_lt_sf.o)
 .debug_frame   0x000000e0       0x20 c:/winavr-20100110/bin/../lib/gcc/avr/4.3.3/avr5\libgcc.a(_sf_to_si.o)
 .debug_frame   0x00000100       0x20 c:/winavr-20100110/bin/../lib/gcc/avr/4.3.3/avr5\libgcc.a(_pack_sf.o)
 .debug_frame   0x00000120       0x20 c:/winavr-20100110/bin/../lib/gcc/avr/4.3.3/avr5\libgcc.a(_unpack_sf.o)
 .debug_frame   0x00000140       0x20 c:/winavr-20100110/bin/../lib/gcc/avr/4.3.3/avr5\libgcc.a(_fpcmp_parts_sf.o)

.debug_str      0x00000000      0x28d
 *(.debug_str)
 .debug_str     0x00000000       0xbf c:/winavr-20100110/bin/../lib/gcc/avr/4.3.3/avr5\libgcc.a(_fixunssfsi.o)
                                 0xfe (size before relaxing)
 .debug_str     0x000000bf      0x14d c:/winavr-20100110/bin/../lib/gcc/avr/4.3.3/avr5\libgcc.a(_addsub_sf.o)
                                0x206 (size before relaxing)
 .debug_str     0x0000020c       0x27 c:/winavr-20100110/bin/../lib/gcc/avr/4.3.3/avr5\libgcc.a(_mul_sf.o)
                                0x1bf (size before relaxing)
 .debug_str     0x00000233        0xf c:/winavr-20100110/bin/../lib/gcc/avr/4.3.3/avr5\libgcc.a(_gt_sf.o)
                                0x195 (size before relaxing)
 .debug_str     0x00000242        0x8 c:/winavr-20100110/bin/../lib/gcc/avr/4.3.3/avr5\libgcc.a(_ge_sf.o)
                                0x195 (size before relaxing)
 .debug_str     0x0000024a        0x8 c:/winavr-20100110/bin/../lib/gcc/avr/4.3.3/avr5\libgcc.a(_lt_sf.o)
                                0x195 (size before relaxing)
 .debug_str     0x00000252        0xa c:/winavr-20100110/bin/../lib/gcc/avr/4.3.3/avr5\libgcc.a(_sf_to_si.o)
                                0x19e (size before relaxing)
 .debug_str     0x00000000      0x103 c:/winavr-20100110/bin/../lib/gcc/avr/4.3.3/avr5\libgcc.a(_thenan_sf.o)
 .debug_str     0x0000025c       0x16 c:/winavr-20100110/bin/../lib/gcc/avr/4.3.3/avr5\libgcc.a(_pack_sf.o)
                                0x19d (size before relaxing)
 .debug_str     0x00000272        0xb c:/winavr-20100110/bin/../lib/gcc/avr/4.3.3/avr5\libgcc.a(_unpack_sf.o)
                                0x17f (size before relaxing)
 .debug_str     0x0000027d       0x10 c:/winavr-20100110/bin/../lib/gcc/avr/4.3.3/avr5\libgcc.a(_fpcmp_parts_sf.o)
                                0x163 (size before relaxing)

.debug_loc      0x00000000      0x7ce
 *(.debug_loc)
 .debug_loc     0x00000000       0x34 c:/winavr-20100110/bin/../lib/gcc/avr/4.3.3/avr5\libgcc.a(_fixunssfsi.o)
 .debug_loc     0x00000034      0x32a c:/winavr-20100110/bin/../lib/gcc/avr/4.3.3/avr5\libgcc.a(_addsub_sf.o)
 .debug_loc     0x0000035e      0x104 c:/winavr-20100110/bin/../lib/gcc/avr/4.3.3/avr5\libgcc.a(_mul_sf.o)
 .debug_loc     0x00000462       0x3c c:/winavr-20100110/bin/../lib/gcc/avr/4.3.3/avr5\libgcc.a(_gt_sf.o)
 .debug_loc     0x0000049e       0x3c c:/winavr-20100110/bin/../lib/gcc/avr/4.3.3/avr5\libgcc.a(_ge_sf.o)
 .debug_loc     0x000004da       0x3c c:/winavr-20100110/bin/../lib/gcc/avr/4.3.3/avr5\libgcc.a(_lt_sf.o)
 .debug_loc     0x00000516       0x7e c:/winavr-20100110/bin/../lib/gcc/avr/4.3.3/avr5\libgcc.a(_sf_to_si.o)
 .debug_loc     0x00000594      0x13e c:/winavr-20100110/bin/../lib/gcc/avr/4.3.3/avr5\libgcc.a(_pack_sf.o)
 .debug_loc     0x000006d2       0xac c:/winavr-20100110/bin/../lib/gcc/avr/4.3.3/avr5\libgcc.a(_unpack_sf.o)
 .debug_loc     0x0000077e       0x50 c:/winavr-20100110/bin/../lib/gcc/avr/4.3.3/avr5\libgcc.a(_fpcmp_parts_sf.o)

.debug_macinfo
 *(.debug_macinfo)
OUTPUT(GPIO_Challenge.elf elf32-avr)
LOAD linker stubs

.debug_ranges   0x00000000       0x50
 .debug_ranges  0x00000000       0x50 c:/winavr-20100110/bin/../lib/gcc/avr/4.3.3/avr5\libgcc.a(_mul_sf.o)
